<?xml version="1.0" encoding="UTF-8"?>
<testsuites name="jest tests" tests="2" failures="0" errors="0" time="5.693">
  <testsuite name="util" errors="0" failures="0" skipped="0" timestamp="2022-06-22T12:13:33" time="1.592" tests="2">
    <testcase classname="util extractErrorDetails should return single error" name="util extractErrorDetails should return single error" time="0.002">
    </testcase>
    <testcase classname="util extractErrorDetails should return empty error object" name="util extractErrorDetails should return empty error object" time="0">
    </testcase>
  </testsuite>
</testsuites>